--------------------------------------------------------------------------------
Release 14.7 Trace  (nt)
Copyright (c) 1995-2013 Xilinx, Inc.  All rights reserved.

C:\Xilinx\14.7\ISE_DS\ISE\bin\nt\unwrapped\trce.exe -intstyle ise -v 3 -s 5 -n
3 -fastpaths -xml Main.twx Main.ncd -o Main.twr Main.pcf -ucf VGA.ucf

Design file:              Main.ncd
Physical constraint file: Main.pcf
Device,package,speed:     xc3s500e,ft256,-5 (PRODUCTION 1.27 2013-10-13)
Report level:             verbose report

Environment Variable      Effect 
--------------------      ------ 
NONE                      No environment variables were set
--------------------------------------------------------------------------------

INFO:Timing:2698 - No timing constraints found, doing default enumeration.
INFO:Timing:3412 - To improve timing, see the Timing Closure User Guide (UG612).
INFO:Timing:2752 - To get complete path coverage, use the unconstrained paths 
   option. All paths that are not constrained will be reported in the 
   unconstrained paths section(s) of the report.
INFO:Timing:3339 - The clock-to-out numbers in this timing report are based on 
   a 50 Ohm transmission line loading model.  For the details of this model, 
   and for more information on accounting for different loading conditions, 
   please see the device datasheet.
INFO:Timing:3390 - This architecture does not support a default System Jitter 
   value, please add SYSTEM_JITTER constraint to the UCF to modify the Clock 
   Uncertainty calculation.
INFO:Timing:3389 - This architecture does not support 'Discrete Jitter' and 
   'Phase Error' calculations, these terms will be zero in the Clock 
   Uncertainty calculation.  Please make appropriate modification to 
   SYSTEM_JITTER to account for the unsupported Discrete Jitter and Phase 
   Error.



Data Sheet report:
-----------------
All values displayed in nanoseconds (ns)

Clock clk50mhz to Pad
------------+------------+------------------+--------+
            | clk (edge) |                  | Clock  |
Destination |   to PAD   |Internal Clock(s) | Phase  |
------------+------------+------------------+--------+
RGB<0>      |    9.206(R)|vga_clk           |   0.000|
RGB<1>      |    9.484(R)|vga_clk           |   0.000|
RGB<2>      |    9.230(R)|vga_clk           |   0.000|
hsync       |    8.994(R)|vga_clk           |   0.000|
vsync       |    8.220(R)|vga_clk           |   0.000|
------------+------------+------------------+--------+

Clock left_button to Pad
------------+------------+------------------+--------+
            | clk (edge) |                  | Clock  |
Destination |   to PAD   |Internal Clock(s) | Phase  |
------------+------------+------------------+--------+
tono<0>     |   11.050(R)|temp              |   0.000|
tono<1>     |   10.912(R)|temp              |   0.000|
tono<2>     |   11.699(R)|temp              |   0.000|
tono<3>     |   10.062(R)|temp              |   0.000|
------------+------------+------------------+--------+

Clock mi_nota to Pad
------------+------------+------------------+--------+
            | clk (edge) |                  | Clock  |
Destination |   to PAD   |Internal Clock(s) | Phase  |
------------+------------+------------------+--------+
tono<0>     |   11.042(R)|temp              |   0.000|
tono<1>     |   10.904(R)|temp              |   0.000|
tono<2>     |   11.691(R)|temp              |   0.000|
tono<3>     |   10.054(R)|temp              |   0.000|
------------+------------+------------------+--------+

Clock reset_button to Pad
------------+------------+------------------+--------+
            | clk (edge) |                  | Clock  |
Destination |   to PAD   |Internal Clock(s) | Phase  |
------------+------------+------------------+--------+
tono<0>     |   11.041(R)|temp              |   0.000|
tono<1>     |   10.903(R)|temp              |   0.000|
tono<2>     |   11.690(R)|temp              |   0.000|
tono<3>     |   10.053(R)|temp              |   0.000|
------------+------------+------------------+--------+

Clock right_button to Pad
------------+------------+------------------+--------+
            | clk (edge) |                  | Clock  |
Destination |   to PAD   |Internal Clock(s) | Phase  |
------------+------------+------------------+--------+
tono<0>     |    9.413(R)|temp              |   0.000|
tono<1>     |    9.275(R)|temp              |   0.000|
tono<2>     |   10.062(R)|temp              |   0.000|
tono<3>     |    8.425(R)|temp              |   0.000|
------------+------------+------------------+--------+

Clock to Setup on destination clock clk50mhz
---------------+---------+---------+---------+---------+
               | Src:Rise| Src:Fall| Src:Rise| Src:Fall|
Source Clock   |Dest:Rise|Dest:Rise|Dest:Fall|Dest:Fall|
---------------+---------+---------+---------+---------+
clk50mhz       |   12.274|         |         |         |
reset_button   |   10.759|   10.759|         |         |
---------------+---------+---------+---------+---------+

Clock to Setup on destination clock left_button
---------------+---------+---------+---------+---------+
               | Src:Rise| Src:Fall| Src:Rise| Src:Fall|
Source Clock   |Dest:Rise|Dest:Rise|Dest:Fall|Dest:Fall|
---------------+---------+---------+---------+---------+
left_button    |    2.586|         |         |         |
mi_nota        |    2.586|         |         |         |
reset_button   |    2.586|         |         |         |
right_button   |    2.586|         |         |         |
---------------+---------+---------+---------+---------+

Clock to Setup on destination clock mi_nota
---------------+---------+---------+---------+---------+
               | Src:Rise| Src:Fall| Src:Rise| Src:Fall|
Source Clock   |Dest:Rise|Dest:Rise|Dest:Fall|Dest:Fall|
---------------+---------+---------+---------+---------+
left_button    |    2.586|         |         |         |
mi_nota        |    2.586|         |         |         |
reset_button   |    2.586|         |         |         |
right_button   |    2.586|         |         |         |
---------------+---------+---------+---------+---------+

Clock to Setup on destination clock reset_button
---------------+---------+---------+---------+---------+
               | Src:Rise| Src:Fall| Src:Rise| Src:Fall|
Source Clock   |Dest:Rise|Dest:Rise|Dest:Fall|Dest:Fall|
---------------+---------+---------+---------+---------+
left_button    |    2.586|         |         |         |
mi_nota        |    2.586|         |         |         |
reset_button   |    2.586|         |         |         |
right_button   |    2.586|         |         |         |
---------------+---------+---------+---------+---------+

Clock to Setup on destination clock right_button
---------------+---------+---------+---------+---------+
               | Src:Rise| Src:Fall| Src:Rise| Src:Fall|
Source Clock   |Dest:Rise|Dest:Rise|Dest:Fall|Dest:Fall|
---------------+---------+---------+---------+---------+
left_button    |    2.586|         |         |         |
mi_nota        |    2.586|         |         |         |
reset_button   |    2.586|         |         |         |
right_button   |    2.586|         |         |         |
---------------+---------+---------+---------+---------+


Analysis completed Sun Jun 19 17:01:28 2016 
--------------------------------------------------------------------------------

Trace Settings:
-------------------------
Trace Settings 

Peak Memory Usage: 124 MB



